Component: Arm Compiler for Embedded 6.19 Tool: armlink [5e73cb00]

==============================================================================

Section Cross References

    main.o(.ARM.exidx.text.sqrt2) refers to main.o(.text.sqrt2) for [Anonymous Symbol]
    main.o(.text.CalculateSNR) refers to main.o(.bss.Signal) for Signal
    main.o(.text.CalculateSNR) refers to main.o(.bss.Noise) for Noise
    main.o(.text.CalculateSNR) refers to main.o(.bss.SNR) for SNR
    main.o(.text.CalculateSNR) refers to main.o(.bss.DataBuf) for DataBuf
    main.o(.text.CalculateSNR) refers to main.o(.text.sqrt2) for sqrt2
    main.o(.text.CalculateSNR) refers to main.o(.rodata.str1.1) for .L.str
    main.o(.text.CalculateSNR) refers to uart.o(.text.UART_OutString) for UART_OutString
    main.o(.text.CalculateSNR) refers to uart.o(.text.UART_OutUDec) for UART_OutUDec
    main.o(.ARM.exidx.text.CalculateSNR) refers to main.o(.text.CalculateSNR) for [Anonymous Symbol]
    main.o(.text.main) refers to startup.o(.text) for DisableInterrupts
    main.o(.text.main) refers to pll.o(.text.PLL_Init) for PLL_Init
    main.o(.text.main) refers to timers.o(.text.Heartbeat_Init) for Heartbeat_Init
    main.o(.text.main) refers to adc.o(.text.ProcessADCData) for ProcessADCData
    main.o(.text.main) refers to adct0atrigger.o(.text.ADC0_InitTimer0ATriggerSeq0) for ADC0_InitTimer0ATriggerSeq0
    main.o(.text.main) refers to uart.o(.text.UART_Init) for UART_Init
    main.o(.text.main) refers to unified_port_init.o(.text.Port_C_Init) for Port_C_Init
    main.o(.text.main) refers to main.o(.rodata.str1.1) for .L.str.1
    main.o(.text.main) refers to uart.o(.text.UART_OutString) for UART_OutString
    main.o(.text.main) refers to adc.o(.bss.adcValue) for adcValue
    main.o(.text.main) refers to uart.o(.text.UART_OutUDec) for UART_OutUDec
    main.o(.text.main) refers to main.o(.bss.gearShift) for gearShift
    main.o(.text.main) refers to main.o(.bss.Num) for Num
    main.o(.text.main) refers to main.o(.text.CalculateSNR) for CalculateSNR
    main.o(.text.main) refers to main.o(.bss.SNR) for SNR
    main.o(.ARM.exidx.text.main) refers to main.o(.text.main) for [Anonymous Symbol]
    timers.o(.ARM.exidx.text.Heartbeat) refers to timers.o(.text.Heartbeat) for [Anonymous Symbol]
    timers.o(.ARM.exidx.text.PortF_Red_Led_Init) refers to timers.o(.text.PortF_Red_Led_Init) for [Anonymous Symbol]
    timers.o(.text.Heartbeat_Init) refers to timers.o(.text.Heartbeat) for Heartbeat
    timers.o(.text.Heartbeat_Init) refers to timer1a.o(.text.Timer1A_Init) for Timer1A_Init
    timers.o(.text.Heartbeat_Init) refers to timers.o(.text.PortF_Red_Led_Init) for PortF_Red_Led_Init
    timers.o(.ARM.exidx.text.Heartbeat_Init) refers to timers.o(.text.Heartbeat_Init) for [Anonymous Symbol]
    pll.o(.ARM.exidx.text.PLL_Init) refers to pll.o(.text.PLL_Init) for [Anonymous Symbol]
    timer0a.o(.text.Timer0A_Init) refers to timer0a.o(.bss.PeriodicTask0) for PeriodicTask0
    timer0a.o(.ARM.exidx.text.Timer0A_Init) refers to timer0a.o(.text.Timer0A_Init) for [Anonymous Symbol]
    timer0a.o(.text.Timer0A_Handler) refers to timer0a.o(.bss.PeriodicTask0) for PeriodicTask0
    timer0a.o(.ARM.exidx.text.Timer0A_Handler) refers to timer0a.o(.text.Timer0A_Handler) for [Anonymous Symbol]
    timer0a.o(.ARM.exidx.text.Timer0A_Stop) refers to timer0a.o(.text.Timer0A_Stop) for [Anonymous Symbol]
    startup.o(STACK) refers (Special) to heapauxi.o(.text) for __use_two_region_memory
    startup.o(HEAP) refers (Special) to heapauxi.o(.text) for __use_two_region_memory
    startup.o(RESET) refers (Special) to heapauxi.o(.text) for __use_two_region_memory
    startup.o(RESET) refers to startup.o(STACK) for StackMem
    startup.o(RESET) refers to startup.o(.text) for HardFault_Handler
    startup.o(RESET) refers to adct0atrigger.o(.text.ADC0Seq0_Handler) for ADC0Seq0_Handler
    startup.o(RESET) refers to adct0atrigger.o(.text.ADC0Seq3_Handler) for ADC0Seq3_Handler
    startup.o(RESET) refers to timer0a.o(.text.Timer0A_Handler) for Timer0A_Handler
    startup.o(RESET) refers to timer1a.o(.text.Timer1A_Handler) for Timer1A_Handler
    startup.o(RESET) refers to __main.o(!!!main) for __main
    startup.o(.text) refers (Special) to heapauxi.o(.text) for __use_two_region_memory
    startup.o(.text) refers to startup.o(RESET) for _ReportHardFault
    startup.o(.text) refers to startup.o(HEAP) for HeapMem
    startup.o(.text) refers to startup.o(STACK) for StackMem
    adc.o(.text.ProcessADCData) refers to adc.o(.bss.adcValue) for adcValue
    adc.o(.text.ProcessADCData) refers to main.o(.bss.Num) for Num
    adc.o(.text.ProcessADCData) refers to main.o(.bss.TimeBuf) for TimeBuf
    adc.o(.text.ProcessADCData) refers to main.o(.bss.DataBuf) for DataBuf
    adc.o(.ARM.exidx.text.ProcessADCData) refers to adc.o(.text.ProcessADCData) for [Anonymous Symbol]
    timer1a.o(.text.Timer1A_Init) refers to timer1a.o(.bss.PeriodicTask1) for PeriodicTask1
    timer1a.o(.ARM.exidx.text.Timer1A_Init) refers to timer1a.o(.text.Timer1A_Init) for [Anonymous Symbol]
    timer1a.o(.text.Timer1A_Handler) refers to timer1a.o(.bss.PeriodicTask1) for PeriodicTask1
    timer1a.o(.ARM.exidx.text.Timer1A_Handler) refers to timer1a.o(.text.Timer1A_Handler) for [Anonymous Symbol]
    timer1a.o(.ARM.exidx.text.Timer1A_Stop) refers to timer1a.o(.text.Timer1A_Stop) for [Anonymous Symbol]
    adct0atrigger.o(.ARM.exidx.text.dummyADC) refers to adct0atrigger.o(.text.dummyADC) for [Anonymous Symbol]
    adct0atrigger.o(.text.ADC0_InitTimer0ATriggerSeq0) refers to adct0atrigger.o(.bss.ADCTask) for ADCTask
    adct0atrigger.o(.text.ADC0_InitTimer0ATriggerSeq0) refers to adct0atrigger.o(.text.dummyADC) for dummyADC
    adct0atrigger.o(.ARM.exidx.text.ADC0_InitTimer0ATriggerSeq0) refers to adct0atrigger.o(.text.ADC0_InitTimer0ATriggerSeq0) for [Anonymous Symbol]
    adct0atrigger.o(.text.ADC0Seq0_Handler) refers to adct0atrigger.o(.bss.ADCTask) for ADCTask
    adct0atrigger.o(.ARM.exidx.text.ADC0Seq0_Handler) refers to adct0atrigger.o(.text.ADC0Seq0_Handler) for [Anonymous Symbol]
    adct0atrigger.o(.ARM.exidx.text.ADC0_InitTimer0ATriggerSeq3PD3) refers to adct0atrigger.o(.text.ADC0_InitTimer0ATriggerSeq3PD3) for [Anonymous Symbol]
    adct0atrigger.o(.text.ADC0Seq3_Handler) refers to adct0atrigger.o(.bss.PD3data) for PD3data
    adct0atrigger.o(.ARM.exidx.text.ADC0Seq3_Handler) refers to adct0atrigger.o(.text.ADC0Seq3_Handler) for [Anonymous Symbol]
    uart.o(.ARM.exidx.text.UART_Init) refers to uart.o(.text.UART_Init) for [Anonymous Symbol]
    uart.o(.ARM.exidx.text.UART_InChar) refers to uart.o(.text.UART_InChar) for [Anonymous Symbol]
    uart.o(.ARM.exidx.text.UART_OutChar) refers to uart.o(.text.UART_OutChar) for [Anonymous Symbol]
    uart.o(.text.UART_OutString) refers to uart.o(.text.UART_OutChar) for UART_OutChar
    uart.o(.ARM.exidx.text.UART_OutString) refers to uart.o(.text.UART_OutString) for [Anonymous Symbol]
    uart.o(.text.UART_InUDec) refers to uart.o(.text.UART_InChar) for UART_InChar
    uart.o(.text.UART_InUDec) refers to uart.o(.text.UART_OutChar) for UART_OutChar
    uart.o(.ARM.exidx.text.UART_InUDec) refers to uart.o(.text.UART_InUDec) for [Anonymous Symbol]
    uart.o(.text.UART_OutUDec) refers to uart.o(.text.UART_OutChar) for UART_OutChar
    uart.o(.ARM.exidx.text.UART_OutUDec) refers to uart.o(.text.UART_OutUDec) for [Anonymous Symbol]
    uart.o(.text.UART_InUHex) refers to uart.o(.text.UART_InChar) for UART_InChar
    uart.o(.text.UART_InUHex) refers to uart.o(.text.UART_OutChar) for UART_OutChar
    uart.o(.ARM.exidx.text.UART_InUHex) refers to uart.o(.text.UART_InUHex) for [Anonymous Symbol]
    uart.o(.text.UART_OutUHex) refers to uart.o(.text.UART_OutChar) for UART_OutChar
    uart.o(.ARM.exidx.text.UART_OutUHex) refers to uart.o(.text.UART_OutUHex) for [Anonymous Symbol]
    uart.o(.text.outnibble) refers to uart.o(.text.UART_OutChar) for UART_OutChar
    uart.o(.ARM.exidx.text.outnibble) refers to uart.o(.text.outnibble) for [Anonymous Symbol]
    uart.o(.text.UART_OutUHex2) refers to uart.o(.text.outnibble) for outnibble
    uart.o(.ARM.exidx.text.UART_OutUHex2) refers to uart.o(.text.UART_OutUHex2) for [Anonymous Symbol]
    uart.o(.text.UART_InString) refers to uart.o(.text.UART_InChar) for UART_InChar
    uart.o(.text.UART_InString) refers to uart.o(.text.UART_OutChar) for UART_OutChar
    uart.o(.ARM.exidx.text.UART_InString) refers to uart.o(.text.UART_InString) for [Anonymous Symbol]
    unified_port_init.o(.text.Unified_Port_Init) refers to unified_port_init.o(.text.Port_A_Init) for Port_A_Init
    unified_port_init.o(.text.Unified_Port_Init) refers to unified_port_init.o(.text.Port_B_Init) for Port_B_Init
    unified_port_init.o(.text.Unified_Port_Init) refers to unified_port_init.o(.text.Port_C_Init) for Port_C_Init
    unified_port_init.o(.text.Unified_Port_Init) refers to unified_port_init.o(.text.Port_D_Init) for Port_D_Init
    unified_port_init.o(.text.Unified_Port_Init) refers to unified_port_init.o(.text.Port_E_Init) for Port_E_Init
    unified_port_init.o(.text.Unified_Port_Init) refers to unified_port_init.o(.text.Port_F_Init) for Port_F_Init
    unified_port_init.o(.ARM.exidx.text.Unified_Port_Init) refers to unified_port_init.o(.text.Unified_Port_Init) for [Anonymous Symbol]
    unified_port_init.o(.ARM.exidx.text.Port_A_Init) refers to unified_port_init.o(.text.Port_A_Init) for [Anonymous Symbol]
    unified_port_init.o(.ARM.exidx.text.Port_B_Init) refers to unified_port_init.o(.text.Port_B_Init) for [Anonymous Symbol]
    unified_port_init.o(.ARM.exidx.text.Port_C_Init) refers to unified_port_init.o(.text.Port_C_Init) for [Anonymous Symbol]
    unified_port_init.o(.ARM.exidx.text.Port_D_Init) refers to unified_port_init.o(.text.Port_D_Init) for [Anonymous Symbol]
    unified_port_init.o(.ARM.exidx.text.Port_E_Init) refers to unified_port_init.o(.text.Port_E_Init) for [Anonymous Symbol]
    unified_port_init.o(.ARM.exidx.text.Port_F_Init) refers to unified_port_init.o(.text.Port_F_Init) for [Anonymous Symbol]
    __main.o(!!!main) refers to __rtentry.o(.ARM.Collect$$rtentry$$00000000) for __rt_entry
    __rtentry.o(.ARM.Collect$$rtentry$$00000000) refers (Special) to __rtentry2.o(.ARM.Collect$$rtentry$$0000000A) for __rt_entry_li
    __rtentry.o(.ARM.Collect$$rtentry$$00000000) refers (Special) to __rtentry2.o(.ARM.Collect$$rtentry$$0000000D) for __rt_entry_main
    __rtentry.o(.ARM.Collect$$rtentry$$00000000) refers (Special) to __rtentry2.o(.ARM.Collect$$rtentry$$0000000C) for __rt_entry_postli_1
    __rtentry.o(.ARM.Collect$$rtentry$$00000000) refers (Special) to __rtentry2.o(.ARM.Collect$$rtentry$$00000009) for __rt_entry_postsh_1
    __rtentry.o(.ARM.Collect$$rtentry$$00000000) refers (Special) to __rtentry2.o(.ARM.Collect$$rtentry$$00000002) for __rt_entry_presh_1
    __rtentry.o(.ARM.Collect$$rtentry$$00000000) refers (Special) to __rtentry4.o(.ARM.Collect$$rtentry$$00000004) for __rt_entry_sh
    __rtentry2.o(.ARM.Collect$$rtentry$$00000008) refers to boardinit2.o(.text) for _platform_post_stackheap_init
    __rtentry2.o(.ARM.Collect$$rtentry$$0000000A) refers to libinit.o(.ARM.Collect$$libinit$$00000000) for __rt_lib_init
    __rtentry2.o(.ARM.Collect$$rtentry$$0000000B) refers to boardinit3.o(.text) for _platform_post_lib_init
    __rtentry2.o(.ARM.Collect$$rtentry$$0000000D) refers to main.o(.text.main) for main
    __rtentry2.o(.ARM.Collect$$rtentry$$0000000D) refers to exit.o(.text) for exit
    __rtentry2.o(.ARM.exidx) refers to __rtentry2.o(.ARM.Collect$$rtentry$$00000001) for .ARM.Collect$$rtentry$$00000001
    __rtentry2.o(.ARM.exidx) refers to __rtentry2.o(.ARM.Collect$$rtentry$$00000008) for .ARM.Collect$$rtentry$$00000008
    __rtentry2.o(.ARM.exidx) refers to __rtentry2.o(.ARM.Collect$$rtentry$$0000000A) for .ARM.Collect$$rtentry$$0000000A
    __rtentry2.o(.ARM.exidx) refers to __rtentry2.o(.ARM.Collect$$rtentry$$0000000B) for .ARM.Collect$$rtentry$$0000000B
    __rtentry2.o(.ARM.exidx) refers to __rtentry2.o(.ARM.Collect$$rtentry$$0000000D) for .ARM.Collect$$rtentry$$0000000D
    __rtentry4.o(.ARM.Collect$$rtentry$$00000004) refers to sys_stackheap_outer.o(.text) for __user_setup_stackheap
    __rtentry4.o(.ARM.exidx) refers to __rtentry4.o(.ARM.Collect$$rtentry$$00000004) for .ARM.Collect$$rtentry$$00000004
    sys_stackheap_outer.o(.text) refers to libspace.o(.text) for __user_perproc_libspace
    sys_stackheap_outer.o(.text) refers to startup.o(.text) for __user_initial_stackheap
    exit.o(.text) refers to rtexit.o(.ARM.Collect$$rtexit$$00000000) for __rt_exit
    libinit.o(.ARM.Collect$$libinit$$00000000) refers (Special) to libinit2.o(.ARM.Collect$$libinit$$00000030) for __rt_lib_init_alloca_1
    libinit.o(.ARM.Collect$$libinit$$00000000) refers (Special) to libinit2.o(.ARM.Collect$$libinit$$0000002E) for __rt_lib_init_argv_1
    libinit.o(.ARM.Collect$$libinit$$00000000) refers (Special) to libinit2.o(.ARM.Collect$$libinit$$0000001D) for __rt_lib_init_atexit_1
    libinit.o(.ARM.Collect$$libinit$$00000000) refers (Special) to libinit2.o(.ARM.Collect$$libinit$$00000023) for __rt_lib_init_clock_1
    libinit.o(.ARM.Collect$$libinit$$00000000) refers (Special) to libinit2.o(.ARM.Collect$$libinit$$00000034) for __rt_lib_init_cpp_1
    libinit.o(.ARM.Collect$$libinit$$00000000) refers (Special) to libinit2.o(.ARM.Collect$$libinit$$00000032) for __rt_lib_init_exceptions_1
    libinit.o(.ARM.Collect$$libinit$$00000000) refers (Special) to libinit2.o(.ARM.Collect$$libinit$$00000001) for __rt_lib_init_fp_1
    libinit.o(.ARM.Collect$$libinit$$00000000) refers (Special) to libinit2.o(.ARM.Collect$$libinit$$00000021) for __rt_lib_init_fp_trap_1
    libinit.o(.ARM.Collect$$libinit$$00000000) refers (Special) to libinit2.o(.ARM.Collect$$libinit$$00000025) for __rt_lib_init_getenv_1
    libinit.o(.ARM.Collect$$libinit$$00000000) refers (Special) to libinit2.o(.ARM.Collect$$libinit$$0000000C) for __rt_lib_init_heap_1
    libinit.o(.ARM.Collect$$libinit$$00000000) refers (Special) to libinit2.o(.ARM.Collect$$libinit$$00000013) for __rt_lib_init_lc_collate_1
    libinit.o(.ARM.Collect$$libinit$$00000000) refers (Special) to libinit2.o(.ARM.Collect$$libinit$$00000015) for __rt_lib_init_lc_ctype_1
    libinit.o(.ARM.Collect$$libinit$$00000000) refers (Special) to libinit2.o(.ARM.Collect$$libinit$$00000017) for __rt_lib_init_lc_monetary_1
    libinit.o(.ARM.Collect$$libinit$$00000000) refers (Special) to libinit2.o(.ARM.Collect$$libinit$$00000019) for __rt_lib_init_lc_numeric_1
    libinit.o(.ARM.Collect$$libinit$$00000000) refers (Special) to libinit2.o(.ARM.Collect$$libinit$$0000001B) for __rt_lib_init_lc_time_1
    libinit.o(.ARM.Collect$$libinit$$00000000) refers (Special) to libinit2.o(.ARM.Collect$$libinit$$00000006) for __rt_lib_init_preinit_1
    libinit.o(.ARM.Collect$$libinit$$00000000) refers (Special) to libinit2.o(.ARM.Collect$$libinit$$00000010) for __rt_lib_init_rand_1
    libinit.o(.ARM.Collect$$libinit$$00000000) refers (Special) to libinit2.o(.ARM.Collect$$libinit$$00000004) for __rt_lib_init_relocate_pie_1
    libinit.o(.ARM.Collect$$libinit$$00000000) refers (Special) to libinit2.o(.ARM.Collect$$libinit$$00000035) for __rt_lib_init_return
    libinit.o(.ARM.Collect$$libinit$$00000000) refers (Special) to libinit2.o(.ARM.Collect$$libinit$$0000001F) for __rt_lib_init_signal_1
    libinit.o(.ARM.Collect$$libinit$$00000000) refers (Special) to libinit2.o(.ARM.Collect$$libinit$$00000027) for __rt_lib_init_stdio_1
    libinit.o(.ARM.Collect$$libinit$$00000000) refers (Special) to libinit2.o(.ARM.Collect$$libinit$$0000000E) for __rt_lib_init_user_alloc_1
    libspace.o(.text) refers to libspace.o(.bss) for __libspace_start
    rtexit.o(.ARM.Collect$$rtexit$$00000000) refers (Special) to rtexit2.o(.ARM.Collect$$rtexit$$00000004) for __rt_exit_exit
    rtexit.o(.ARM.Collect$$rtexit$$00000000) refers (Special) to rtexit2.o(.ARM.Collect$$rtexit$$00000003) for __rt_exit_ls
    rtexit.o(.ARM.Collect$$rtexit$$00000000) refers (Special) to rtexit2.o(.ARM.Collect$$rtexit$$00000002) for __rt_exit_prels_1
    rtexit.o(.ARM.exidx) refers (Special) to rtexit2.o(.ARM.Collect$$rtexit$$00000004) for __rt_exit_exit
    rtexit.o(.ARM.exidx) refers (Special) to rtexit2.o(.ARM.Collect$$rtexit$$00000003) for __rt_exit_ls
    rtexit.o(.ARM.exidx) refers (Special) to rtexit2.o(.ARM.Collect$$rtexit$$00000002) for __rt_exit_prels_1
    rtexit.o(.ARM.exidx) refers to rtexit.o(.ARM.Collect$$rtexit$$00000000) for .ARM.Collect$$rtexit$$00000000
    libinit2.o(.ARM.Collect$$libinit$$00000001) refers to fpinit.o(x$fpl$fpinit) for _fp_init
    libinit2.o(.ARM.Collect$$libinit$$00000012) refers to libinit2.o(.ARM.Collect$$libinit$$00000011) for .ARM.Collect$$libinit$$00000011
    libinit2.o(.ARM.Collect$$libinit$$00000014) refers to libinit2.o(.ARM.Collect$$libinit$$00000011) for .ARM.Collect$$libinit$$00000011
    libinit2.o(.ARM.Collect$$libinit$$00000016) refers to libinit2.o(.ARM.Collect$$libinit$$00000011) for .ARM.Collect$$libinit$$00000011
    libinit2.o(.ARM.Collect$$libinit$$00000018) refers to libinit2.o(.ARM.Collect$$libinit$$00000011) for .ARM.Collect$$libinit$$00000011
    libinit2.o(.ARM.Collect$$libinit$$0000001A) refers to libinit2.o(.ARM.Collect$$libinit$$00000011) for .ARM.Collect$$libinit$$00000011
    libinit2.o(.ARM.Collect$$libinit$$00000028) refers to argv_veneer.o(.emb_text) for __ARM_argv_veneer
    libinit2.o(.ARM.Collect$$libinit$$00000029) refers to argv_veneer.o(.emb_text) for __ARM_argv_veneer
    rtexit2.o(.ARM.Collect$$rtexit$$00000003) refers to libshutdown.o(.ARM.Collect$$libshutdown$$00000000) for __rt_lib_shutdown
    rtexit2.o(.ARM.Collect$$rtexit$$00000004) refers to sys_exit.o(.text) for _sys_exit
    rtexit2.o(.ARM.exidx) refers to rtexit2.o(.ARM.Collect$$rtexit$$00000001) for .ARM.Collect$$rtexit$$00000001
    rtexit2.o(.ARM.exidx) refers to rtexit2.o(.ARM.Collect$$rtexit$$00000003) for .ARM.Collect$$rtexit$$00000003
    rtexit2.o(.ARM.exidx) refers to rtexit2.o(.ARM.Collect$$rtexit$$00000004) for .ARM.Collect$$rtexit$$00000004
    argv_veneer.o(.emb_text) refers to no_argv.o(.text) for __ARM_get_argv
    sys_exit.o(.text) refers (Special) to use_no_semi.o(.text) for __I$use$semihosting
    sys_exit.o(.text) refers (Special) to indicate_semi.o(.text) for __semihosting_library_function
    sys_exit_hlt.o(.text) refers (Special) to use_no_semi.o(.text) for __I$use$semihosting
    sys_exit_hlt.o(.text) refers (Special) to indicate_semi.o(.text) for __semihosting_library_function
    _get_argv_nomalloc.o(.text) refers (Special) to hrguard.o(.text) for __heap_region$guard
    _get_argv_nomalloc.o(.text) refers to defsig_rtmem_outer.o(.text) for __rt_SIGRTMEM
    _get_argv_nomalloc.o(.text) refers to sys_command.o(.text) for _sys_command_string
    libshutdown.o(.ARM.Collect$$libshutdown$$00000000) refers (Special) to libshutdown2.o(.ARM.Collect$$libshutdown$$00000002) for __rt_lib_shutdown_cpp_1
    libshutdown.o(.ARM.Collect$$libshutdown$$00000000) refers (Special) to libshutdown2.o(.ARM.Collect$$libshutdown$$00000007) for __rt_lib_shutdown_fp_trap_1
    libshutdown.o(.ARM.Collect$$libshutdown$$00000000) refers (Special) to libshutdown2.o(.ARM.Collect$$libshutdown$$0000000F) for __rt_lib_shutdown_heap_1
    libshutdown.o(.ARM.Collect$$libshutdown$$00000000) refers (Special) to libshutdown2.o(.ARM.Collect$$libshutdown$$00000010) for __rt_lib_shutdown_return
    libshutdown.o(.ARM.Collect$$libshutdown$$00000000) refers (Special) to libshutdown2.o(.ARM.Collect$$libshutdown$$0000000A) for __rt_lib_shutdown_signal_1
    libshutdown.o(.ARM.Collect$$libshutdown$$00000000) refers (Special) to libshutdown2.o(.ARM.Collect$$libshutdown$$00000004) for __rt_lib_shutdown_stdio_1
    libshutdown.o(.ARM.Collect$$libshutdown$$00000000) refers (Special) to libshutdown2.o(.ARM.Collect$$libshutdown$$0000000C) for __rt_lib_shutdown_user_alloc_1
    sys_command.o(.text) refers (Special) to use_no_semi.o(.text) for __I$use$semihosting
    sys_command.o(.text) refers (Special) to indicate_semi.o(.text) for __semihosting_library_function
    sys_command_hlt.o(.text) refers (Special) to use_no_semi.o(.text) for __I$use$semihosting
    sys_command_hlt.o(.text) refers (Special) to indicate_semi.o(.text) for __semihosting_library_function
    defsig_rtmem_outer.o(.text) refers to defsig_rtmem_inner.o(.text) for __rt_SIGRTMEM_inner
    defsig_rtmem_outer.o(.text) refers to defsig_exit.o(.text) for __sig_exit
    defsig_rtmem_formal.o(.text) refers to rt_raise.o(.text) for __rt_raise
    rt_raise.o(.text) refers to __raise.o(.text) for __raise
    rt_raise.o(.text) refers to sys_exit.o(.text) for _sys_exit
    defsig_exit.o(.text) refers to sys_exit.o(.text) for _sys_exit
    defsig_rtmem_inner.o(.text) refers to defsig_general.o(.text) for __default_signal_display
    __raise.o(.text) refers to defsig.o(CL$$defsig) for __default_signal_handler
    defsig_general.o(.text) refers to sys_wrch.o(.text) for _ttywrch
    sys_wrch.o(.text) refers (Special) to use_no_semi.o(.text) for __I$use$semihosting
    sys_wrch.o(.text) refers (Special) to indicate_semi.o(.text) for __semihosting_library_function
    sys_wrch_hlt.o(.text) refers (Special) to use_no_semi.o(.text) for __I$use$semihosting
    sys_wrch_hlt.o(.text) refers (Special) to indicate_semi.o(.text) for __semihosting_library_function
    defsig.o(CL$$defsig) refers to defsig_rtmem_inner.o(.text) for __rt_SIGRTMEM_inner
    defsig_abrt_inner.o(.text) refers to defsig_general.o(.text) for __default_signal_display
    defsig_fpe_inner.o(.text) refers to defsig_general.o(.text) for __default_signal_display
    defsig_rtred_inner.o(.text) refers to defsig_general.o(.text) for __default_signal_display
    defsig_stak_inner.o(.text) refers to defsig_general.o(.text) for __default_signal_display
    defsig_pvfn_inner.o(.text) refers to defsig_general.o(.text) for __default_signal_display
    defsig_cppl_inner.o(.text) refers to defsig_general.o(.text) for __default_signal_display
    defsig_segv_inner.o(.text) refers to defsig_general.o(.text) for __default_signal_display
    defsig_other.o(.text) refers to defsig_general.o(.text) for __default_signal_display


==============================================================================

Removing Unused input sections from the image.

    Removing main.o(.text), (0 bytes).
    Removing main.o(.ARM.exidx.text.sqrt2), (8 bytes).
    Removing main.o(.ARM.exidx.text.CalculateSNR), (8 bytes).
    Removing main.o(.ARM.exidx.text.main), (8 bytes).
    Removing main.o(.bss.MinT), (4 bytes).
    Removing main.o(.bss.MaxT), (4 bytes).
    Removing main.o(.bss.Jitter), (4 bytes).
    Removing main.o(.bss.Periods), (512 bytes).
    Removing main.o(.bss.Averaging), (4 bytes).
    Removing main.o(.bss.Vmin), (4 bytes).
    Removing main.o(.bss.Vmax), (4 bytes).
    Removing main.o(.bss.PMFmax), (4 bytes).
    Removing main.o(.bss.Distance), (4 bytes).
    Removing main.o(.bss.PMF), (200 bytes).
    Removing main.o(.bss.ADCvalue), (4 bytes).
    Removing main.o(.ARM.use_no_argv), (4 bytes).
    Removing timers.o(.text), (0 bytes).
    Removing timers.o(.ARM.exidx.text.Heartbeat), (8 bytes).
    Removing timers.o(.ARM.exidx.text.PortF_Red_Led_Init), (8 bytes).
    Removing timers.o(.ARM.exidx.text.Heartbeat_Init), (8 bytes).
    Removing pll.o(.text), (0 bytes).
    Removing pll.o(.ARM.exidx.text.PLL_Init), (8 bytes).
    Removing timer0a.o(.text), (0 bytes).
    Removing timer0a.o(.text.Timer0A_Init), (162 bytes).
    Removing timer0a.o(.ARM.exidx.text.Timer0A_Init), (8 bytes).
    Removing timer0a.o(.ARM.exidx.text.Timer0A_Handler), (8 bytes).
    Removing timer0a.o(.text.Timer0A_Stop), (26 bytes).
    Removing timer0a.o(.ARM.exidx.text.Timer0A_Stop), (8 bytes).
    Removing adc.o(.text), (0 bytes).
    Removing adc.o(.ARM.exidx.text.ProcessADCData), (8 bytes).
    Removing timer1a.o(.text), (0 bytes).
    Removing timer1a.o(.ARM.exidx.text.Timer1A_Init), (8 bytes).
    Removing timer1a.o(.ARM.exidx.text.Timer1A_Handler), (8 bytes).
    Removing timer1a.o(.text.Timer1A_Stop), (28 bytes).
    Removing timer1a.o(.ARM.exidx.text.Timer1A_Stop), (8 bytes).
    Removing adct0atrigger.o(.text), (0 bytes).
    Removing adct0atrigger.o(.ARM.exidx.text.dummyADC), (8 bytes).
    Removing adct0atrigger.o(.ARM.exidx.text.ADC0_InitTimer0ATriggerSeq0), (8 bytes).
    Removing adct0atrigger.o(.ARM.exidx.text.ADC0Seq0_Handler), (8 bytes).
    Removing adct0atrigger.o(.text.ADC0_InitTimer0ATriggerSeq3PD3), (340 bytes).
    Removing adct0atrigger.o(.ARM.exidx.text.ADC0_InitTimer0ATriggerSeq3PD3), (8 bytes).
    Removing adct0atrigger.o(.ARM.exidx.text.ADC0Seq3_Handler), (8 bytes).
    Removing uart.o(.text), (0 bytes).
    Removing uart.o(.ARM.exidx.text.UART_Init), (8 bytes).
    Removing uart.o(.text.UART_InChar), (36 bytes).
    Removing uart.o(.ARM.exidx.text.UART_InChar), (8 bytes).
    Removing uart.o(.ARM.exidx.text.UART_OutChar), (8 bytes).
    Removing uart.o(.ARM.exidx.text.UART_OutString), (8 bytes).
    Removing uart.o(.text.UART_InUDec), (152 bytes).
    Removing uart.o(.ARM.exidx.text.UART_InUDec), (8 bytes).
    Removing uart.o(.ARM.exidx.text.UART_OutUDec), (8 bytes).
    Removing uart.o(.text.UART_InUHex), (218 bytes).
    Removing uart.o(.ARM.exidx.text.UART_InUHex), (8 bytes).
    Removing uart.o(.text.UART_OutUHex), (72 bytes).
    Removing uart.o(.ARM.exidx.text.UART_OutUHex), (8 bytes).
    Removing uart.o(.text.outnibble), (42 bytes).
    Removing uart.o(.ARM.exidx.text.outnibble), (8 bytes).
    Removing uart.o(.text.UART_OutUHex2), (28 bytes).
    Removing uart.o(.ARM.exidx.text.UART_OutUHex2), (8 bytes).
    Removing uart.o(.text.UART_InString), (136 bytes).
    Removing uart.o(.ARM.exidx.text.UART_InString), (8 bytes).
    Removing paddles.o(.text), (0 bytes).
    Removing unified_port_init.o(.text), (0 bytes).
    Removing unified_port_init.o(.text.Unified_Port_Init), (28 bytes).
    Removing unified_port_init.o(.ARM.exidx.text.Unified_Port_Init), (8 bytes).
    Removing unified_port_init.o(.text.Port_A_Init), (296 bytes).
    Removing unified_port_init.o(.ARM.exidx.text.Port_A_Init), (8 bytes).
    Removing unified_port_init.o(.text.Port_B_Init), (330 bytes).
    Removing unified_port_init.o(.ARM.exidx.text.Port_B_Init), (8 bytes).
    Removing unified_port_init.o(.ARM.exidx.text.Port_C_Init), (8 bytes).
    Removing unified_port_init.o(.text.Port_D_Init), (240 bytes).
    Removing unified_port_init.o(.ARM.exidx.text.Port_D_Init), (8 bytes).
    Removing unified_port_init.o(.text.Port_E_Init), (218 bytes).
    Removing unified_port_init.o(.ARM.exidx.text.Port_E_Init), (8 bytes).
    Removing unified_port_init.o(.text.Port_F_Init), (136 bytes).
    Removing unified_port_init.o(.ARM.exidx.text.Port_F_Init), (8 bytes).

76 unused section(s) (total 3536 bytes) removed from the image.

==============================================================================

Image Symbol Table

    Local Symbols

    Symbol Name                              Value     Ov Type        Size  Object(Section)

    ../clib/angel/boardlib.s                 0x00000000   Number         0  boardinit1.o ABSOLUTE
    ../clib/angel/boardlib.s                 0x00000000   Number         0  boardinit2.o ABSOLUTE
    ../clib/angel/boardlib.s                 0x00000000   Number         0  boardinit3.o ABSOLUTE
    ../clib/angel/boardlib.s                 0x00000000   Number         0  boardshut.o ABSOLUTE
    ../clib/angel/handlers.s                 0x00000000   Number         0  __scatter_zi.o ABSOLUTE
    ../clib/angel/kernel.s                   0x00000000   Number         0  __rtentry.o ABSOLUTE
    ../clib/angel/kernel.s                   0x00000000   Number         0  __rtentry2.o ABSOLUTE
    ../clib/angel/kernel.s                   0x00000000   Number         0  __rtentry4.o ABSOLUTE
    ../clib/angel/kernel.s                   0x00000000   Number         0  rtexit.o ABSOLUTE
    ../clib/angel/kernel.s                   0x00000000   Number         0  rtexit2.o ABSOLUTE
    ../clib/angel/rt.s                       0x00000000   Number         0  rt_raise.o ABSOLUTE
    ../clib/angel/scatter.s                  0x00000000   Number         0  __scatter.o ABSOLUTE
    ../clib/angel/startup.s                  0x00000000   Number         0  __main.o ABSOLUTE
    ../clib/angel/sys.s                      0x00000000   Number         0  sys_stackheap_outer.o ABSOLUTE
    ../clib/angel/sys.s                      0x00000000   Number         0  libspace.o ABSOLUTE
    ../clib/angel/sys.s                      0x00000000   Number         0  use_no_semi.o ABSOLUTE
    ../clib/angel/sys.s                      0x00000000   Number         0  indicate_semi.o ABSOLUTE
    ../clib/angel/sysapp.c                   0x00000000   Number         0  sys_exit.o ABSOLUTE
    ../clib/angel/sysapp.c                   0x00000000   Number         0  sys_exit_hlt.o ABSOLUTE
    ../clib/angel/sysapp.c                   0x00000000   Number         0  sys_command.o ABSOLUTE
    ../clib/angel/sysapp.c                   0x00000000   Number         0  sys_command_hlt.o ABSOLUTE
    ../clib/angel/sysapp.c                   0x00000000   Number         0  sys_wrch.o ABSOLUTE
    ../clib/angel/sysapp.c                   0x00000000   Number         0  sys_wrch_hlt.o ABSOLUTE
    ../clib/armsys.c                         0x00000000   Number         0  argv_veneer.o ABSOLUTE
    ../clib/armsys.c                         0x00000000   Number         0  argv_veneer.o ABSOLUTE
    ../clib/armsys.c                         0x00000000   Number         0  _get_argv_nomalloc.o ABSOLUTE
    ../clib/armsys.c                         0x00000000   Number         0  no_argv.o ABSOLUTE
    ../clib/heapalloc.c                      0x00000000   Number         0  hrguard.o ABSOLUTE
    ../clib/heapaux.c                        0x00000000   Number         0  heapauxi.o ABSOLUTE
    ../clib/libinit.s                        0x00000000   Number         0  libinit.o ABSOLUTE
    ../clib/libinit.s                        0x00000000   Number         0  libinit2.o ABSOLUTE
    ../clib/libinit.s                        0x00000000   Number         0  libshutdown.o ABSOLUTE
    ../clib/libinit.s                        0x00000000   Number         0  libshutdown2.o ABSOLUTE
    ../clib/signal.c                         0x00000000   Number         0  defsig_rtmem_outer.o ABSOLUTE
    ../clib/signal.c                         0x00000000   Number         0  defsig_rtmem_formal.o ABSOLUTE
    ../clib/signal.c                         0x00000000   Number         0  defsig_exit.o ABSOLUTE
    ../clib/signal.c                         0x00000000   Number         0  defsig_rtmem_inner.o ABSOLUTE
    ../clib/signal.c                         0x00000000   Number         0  __raise.o ABSOLUTE
    ../clib/signal.c                         0x00000000   Number         0  defsig_general.o ABSOLUTE
    ../clib/signal.c                         0x00000000   Number         0  defsig_abrt_inner.o ABSOLUTE
    ../clib/signal.c                         0x00000000   Number         0  defsig_fpe_inner.o ABSOLUTE
    ../clib/signal.c                         0x00000000   Number         0  defsig_rtred_inner.o ABSOLUTE
    ../clib/signal.c                         0x00000000   Number         0  defsig_stak_inner.o ABSOLUTE
    ../clib/signal.c                         0x00000000   Number         0  defsig_pvfn_inner.o ABSOLUTE
    ../clib/signal.c                         0x00000000   Number         0  defsig_cppl_inner.o ABSOLUTE
    ../clib/signal.c                         0x00000000   Number         0  defsig_segv_inner.o ABSOLUTE
    ../clib/signal.c                         0x00000000   Number         0  defsig_other.o ABSOLUTE
    ../clib/signal.s                         0x00000000   Number         0  defsig.o ABSOLUTE
    ../clib/stdlib.c                         0x00000000   Number         0  exit.o ABSOLUTE
    ../fplib/fpinit.s                        0x00000000   Number         0  fpinit.o ABSOLUTE
    ../inc/startup.s                         0x00000000   Number         0  startup.o ABSOLUTE
    ADC.c                                    0x00000000   Number         0  adc.o ABSOLUTE
    ADCT0ATrigger.c                          0x00000000   Number         0  adct0atrigger.o ABSOLUTE
    PLL.c                                    0x00000000   Number         0  pll.o ABSOLUTE
    Paddles.c                                0x00000000   Number         0  paddles.o ABSOLUTE
    Timer0A.c                                0x00000000   Number         0  timer0a.o ABSOLUTE
    Timer1A.c                                0x00000000   Number         0  timer1a.o ABSOLUTE
    Timers.c                                 0x00000000   Number         0  timers.o ABSOLUTE
    UART.c                                   0x00000000   Number         0  uart.o ABSOLUTE
    Unified_Port_Init.c                      0x00000000   Number         0  unified_port_init.o ABSOLUTE
    dc.s                                     0x00000000   Number         0  dc.o ABSOLUTE
    main.c                                   0x00000000   Number         0  main.o ABSOLUTE
    RESET                                    0x00000000   Section      660  startup.o(RESET)
    $v0                                      0x0000026c   Number         0  startup.o(RESET)
    NMI_Handler                              0x00000281   Thumb Code     0  startup.o(RESET)
    !!!main                                  0x00000294   Section        8  __main.o(!!!main)
    !!!scatter                               0x0000029c   Section       52  __scatter.o(!!!scatter)
    !!handler_zi                             0x000002d0   Section       28  __scatter_zi.o(!!handler_zi)
    .ARM.Collect$$libinit$$00000000          0x000002ec   Section        2  libinit.o(.ARM.Collect$$libinit$$00000000)
    .ARM.Collect$$libinit$$00000001          0x000002ee   Section        4  libinit2.o(.ARM.Collect$$libinit$$00000001)
    .ARM.Collect$$libinit$$00000004          0x000002f2   Section        0  libinit2.o(.ARM.Collect$$libinit$$00000004)
    .ARM.Collect$$libinit$$00000006          0x000002f2   Section        0  libinit2.o(.ARM.Collect$$libinit$$00000006)
    .ARM.Collect$$libinit$$0000000C          0x000002f2   Section        0  libinit2.o(.ARM.Collect$$libinit$$0000000C)
    .ARM.Collect$$libinit$$0000000E          0x000002f2   Section        0  libinit2.o(.ARM.Collect$$libinit$$0000000E)
    .ARM.Collect$$libinit$$00000010          0x000002f2   Section        0  libinit2.o(.ARM.Collect$$libinit$$00000010)
    .ARM.Collect$$libinit$$00000013          0x000002f2   Section        0  libinit2.o(.ARM.Collect$$libinit$$00000013)
    .ARM.Collect$$libinit$$00000015          0x000002f2   Section        0  libinit2.o(.ARM.Collect$$libinit$$00000015)
    .ARM.Collect$$libinit$$00000017          0x000002f2   Section        0  libinit2.o(.ARM.Collect$$libinit$$00000017)
    .ARM.Collect$$libinit$$00000019          0x000002f2   Section        0  libinit2.o(.ARM.Collect$$libinit$$00000019)
    .ARM.Collect$$libinit$$0000001B          0x000002f2   Section        0  libinit2.o(.ARM.Collect$$libinit$$0000001B)
    .ARM.Collect$$libinit$$0000001D          0x000002f2   Section        0  libinit2.o(.ARM.Collect$$libinit$$0000001D)
    .ARM.Collect$$libinit$$0000001F          0x000002f2   Section        0  libinit2.o(.ARM.Collect$$libinit$$0000001F)
    .ARM.Collect$$libinit$$00000021          0x000002f2   Section        0  libinit2.o(.ARM.Collect$$libinit$$00000021)
    .ARM.Collect$$libinit$$00000023          0x000002f2   Section        0  libinit2.o(.ARM.Collect$$libinit$$00000023)
    .ARM.Collect$$libinit$$00000025          0x000002f2   Section        0  libinit2.o(.ARM.Collect$$libinit$$00000025)
    .ARM.Collect$$libinit$$00000027          0x000002f2   Section        0  libinit2.o(.ARM.Collect$$libinit$$00000027)
    .ARM.Collect$$libinit$$0000002E          0x000002f2   Section        0  libinit2.o(.ARM.Collect$$libinit$$0000002E)
    .ARM.Collect$$libinit$$00000030          0x000002f2   Section        0  libinit2.o(.ARM.Collect$$libinit$$00000030)
    .ARM.Collect$$libinit$$00000032          0x000002f2   Section        0  libinit2.o(.ARM.Collect$$libinit$$00000032)
    .ARM.Collect$$libinit$$00000034          0x000002f2   Section        0  libinit2.o(.ARM.Collect$$libinit$$00000034)
    .ARM.Collect$$libinit$$00000035          0x000002f2   Section        2  libinit2.o(.ARM.Collect$$libinit$$00000035)
    .ARM.Collect$$libshutdown$$00000000      0x000002f4   Section        2  libshutdown.o(.ARM.Collect$$libshutdown$$00000000)
    .ARM.Collect$$libshutdown$$00000002      0x000002f6   Section        0  libshutdown2.o(.ARM.Collect$$libshutdown$$00000002)
    .ARM.Collect$$libshutdown$$00000004      0x000002f6   Section        0  libshutdown2.o(.ARM.Collect$$libshutdown$$00000004)
    .ARM.Collect$$libshutdown$$00000007      0x000002f6   Section        0  libshutdown2.o(.ARM.Collect$$libshutdown$$00000007)
    .ARM.Collect$$libshutdown$$0000000A      0x000002f6   Section        0  libshutdown2.o(.ARM.Collect$$libshutdown$$0000000A)
    .ARM.Collect$$libshutdown$$0000000C      0x000002f6   Section        0  libshutdown2.o(.ARM.Collect$$libshutdown$$0000000C)
    .ARM.Collect$$libshutdown$$0000000F      0x000002f6   Section        0  libshutdown2.o(.ARM.Collect$$libshutdown$$0000000F)
    .ARM.Collect$$libshutdown$$00000010      0x000002f6   Section        2  libshutdown2.o(.ARM.Collect$$libshutdown$$00000010)
    .ARM.Collect$$rtentry$$00000000          0x000002f8   Section        0  __rtentry.o(.ARM.Collect$$rtentry$$00000000)
    .ARM.Collect$$rtentry$$00000002          0x000002f8   Section        0  __rtentry2.o(.ARM.Collect$$rtentry$$00000002)
    .ARM.Collect$$rtentry$$00000004          0x000002f8   Section        6  __rtentry4.o(.ARM.Collect$$rtentry$$00000004)
    .ARM.Collect$$rtentry$$00000009          0x000002fe   Section        0  __rtentry2.o(.ARM.Collect$$rtentry$$00000009)
    .ARM.Collect$$rtentry$$0000000A          0x000002fe   Section        4  __rtentry2.o(.ARM.Collect$$rtentry$$0000000A)
    .ARM.Collect$$rtentry$$0000000C          0x00000302   Section        0  __rtentry2.o(.ARM.Collect$$rtentry$$0000000C)
    .ARM.Collect$$rtentry$$0000000D          0x00000302   Section        8  __rtentry2.o(.ARM.Collect$$rtentry$$0000000D)
    .ARM.Collect$$rtexit$$00000000           0x0000030a   Section        2  rtexit.o(.ARM.Collect$$rtexit$$00000000)
    .ARM.Collect$$rtexit$$00000002           0x0000030c   Section        0  rtexit2.o(.ARM.Collect$$rtexit$$00000002)
    .ARM.Collect$$rtexit$$00000003           0x0000030c   Section        4  rtexit2.o(.ARM.Collect$$rtexit$$00000003)
    .ARM.Collect$$rtexit$$00000004           0x00000310   Section        6  rtexit2.o(.ARM.Collect$$rtexit$$00000004)
    $v0                                      0x00000318   Number         0  startup.o(.text)
    .text                                    0x00000318   Section       72  startup.o(.text)
    .text                                    0x00000360   Section        0  heapauxi.o(.text)
    .text                                    0x00000366   Section       74  sys_stackheap_outer.o(.text)
    .text                                    0x000003b0   Section        0  exit.o(.text)
    .text                                    0x000003c4   Section        8  libspace.o(.text)
    .text                                    0x000003cc   Section        0  sys_exit.o(.text)
    .text                                    0x000003d8   Section        2  use_no_semi.o(.text)
    .text                                    0x000003da   Section        0  indicate_semi.o(.text)
    [Anonymous Symbol]                       0x000003dc   Section        0  adct0atrigger.o(.text.ADC0Seq0_Handler)
    [Anonymous Symbol]                       0x00000410   Section        0  adct0atrigger.o(.text.ADC0Seq3_Handler)
    [Anonymous Symbol]                       0x00000434   Section        0  adct0atrigger.o(.text.ADC0_InitTimer0ATriggerSeq0)
    [Anonymous Symbol]                       0x00000954   Section        0  main.o(.text.CalculateSNR)
    [Anonymous Symbol]                       0x00000a8c   Section        0  timers.o(.text.Heartbeat)
    [Anonymous Symbol]                       0x00000aa0   Section        0  timers.o(.text.Heartbeat_Init)
    [Anonymous Symbol]                       0x00000ac0   Section        0  pll.o(.text.PLL_Init)
    [Anonymous Symbol]                       0x00000b4c   Section        0  timers.o(.text.PortF_Red_Led_Init)
    [Anonymous Symbol]                       0x00000b94   Section        0  unified_port_init.o(.text.Port_C_Init)
    [Anonymous Symbol]                       0x00000c18   Section        0  adc.o(.text.ProcessADCData)
    [Anonymous Symbol]                       0x00000c80   Section        0  timer0a.o(.text.Timer0A_Handler)
    [Anonymous Symbol]                       0x00000c9c   Section        0  timer1a.o(.text.Timer1A_Handler)
    [Anonymous Symbol]                       0x00000cb8   Section        0  timer1a.o(.text.Timer1A_Init)
    [Anonymous Symbol]                       0x00000d58   Section        0  uart.o(.text.UART_Init)
    [Anonymous Symbol]                       0x00000df8   Section        0  uart.o(.text.UART_OutChar)
    [Anonymous Symbol]                       0x00000e28   Section        0  uart.o(.text.UART_OutString)
    [Anonymous Symbol]                       0x00000e4c   Section        0  uart.o(.text.UART_OutUDec)
    [Anonymous Symbol]                       0x00000e94   Section        0  adct0atrigger.o(.text.dummyADC)
    [Anonymous Symbol]                       0x00000e9c   Section        0  main.o(.text.main)
    [Anonymous Symbol]                       0x00001014   Section        0  main.o(.text.sqrt2)
    $v0                                      0x0000104e   Number         0  fpinit.o(x$fpl$fpinit)
    x$fpl$fpinit                             0x0000104e   Section       26  fpinit.o(x$fpl$fpinit)
    .L.str.2                                 0x00001068   Data           3  main.o(.rodata.str1.1)
    [Anonymous Symbol]                       0x00001068   Section        0  main.o(.rodata.str1.1)
    .L.str.3                                 0x0000106b   Data          21  main.o(.rodata.str1.1)
    .L.str.4                                 0x00001080   Data           9  main.o(.rodata.str1.1)
    .L.str                                   0x00001089   Data          11  main.o(.rodata.str1.1)
    .L.str.1                                 0x00001094   Data           9  main.o(.rodata.str1.1)
    .bss                                     0x20000000   Section       96  libspace.o(.bss)
    HeapMem                                  0x20001fc8   Data           0  startup.o(HEAP)
    StackMem                                 0x20001fc8   Data           0  startup.o(STACK)
    HEAP                                     0x20001fc8   Section        0  startup.o(HEAP)
    STACK                                    0x20001fc8   Section     1024  startup.o(STACK)

    Global Symbols

    Symbol Name                              Value     Ov Type        Size  Object(Section)

    BuildAttributes$$THM_ISAv4$E$P$D$K$B$S$7EM$VFPi3$EXTD16$VFPS$VFMA$PE$A:L22UL41UL21$X:L11$S22US41US21$IEEE1$IW$~IW$USESV6$~STKCKD$USESV7$~SHL$OSPACE$ROPI$EBA8$UX$STANDARDLIB$REQ8$PRES8$EABIv2 0x00000000   Number         0  anon$$obj.o ABSOLUTE
    __Vectors                                0x00000000   Data           0  startup.o(RESET)
    __ARM_exceptions_init                     - Undefined Weak Reference
    __alloca_initialize                       - Undefined Weak Reference
    __arm_preinit_                            - Undefined Weak Reference
    __arm_relocate_pie_                       - Undefined Weak Reference
    __cpp_initialize__aeabi_                  - Undefined Weak Reference
    __cxa_finalize                            - Undefined Weak Reference
    __rt_locale                               - Undefined Weak Reference
    __sigvec_lookup                           - Undefined Weak Reference
    _atexit_init                              - Undefined Weak Reference
    _call_atexit_fns                          - Undefined Weak Reference
    _clock_init                               - Undefined Weak Reference
    _fp_trap_init                             - Undefined Weak Reference
    _fp_trap_shutdown                         - Undefined Weak Reference
    _get_lc_collate                           - Undefined Weak Reference
    _get_lc_ctype                             - Undefined Weak Reference
    _get_lc_monetary                          - Undefined Weak Reference
    _get_lc_numeric                           - Undefined Weak Reference
    _get_lc_time                              - Undefined Weak Reference
    _getenv_init                              - Undefined Weak Reference
    _handle_redirection                       - Undefined Weak Reference
    _init_alloc                               - Undefined Weak Reference
    _init_user_alloc                          - Undefined Weak Reference
    _initio                                   - Undefined Weak Reference
    _rand_init                                - Undefined Weak Reference
    _signal_finish                            - Undefined Weak Reference
    _signal_init                              - Undefined Weak Reference
    _terminate_alloc                          - Undefined Weak Reference
    _terminate_user_alloc                     - Undefined Weak Reference
    _terminateio                              - Undefined Weak Reference
    Reset_Handler                            0x0000026d   Thumb Code     0  startup.o(RESET)
    MemManage_Handler                        0x00000283   Thumb Code     2  startup.o(RESET)
    BusFault_Handler                         0x00000285   Thumb Code     2  startup.o(RESET)
    UsageFault_Handler                       0x00000287   Thumb Code     2  startup.o(RESET)
    SVC_Handler                              0x00000289   Thumb Code     2  startup.o(RESET)
    DebugMon_Handler                         0x0000028b   Thumb Code     2  startup.o(RESET)
    PendSV_Handler                           0x0000028d   Thumb Code     2  startup.o(RESET)
    SysTick_Handler                          0x0000028f   Thumb Code     2  startup.o(RESET)
    ADC0Seq1_Handler                         0x00000291   Thumb Code     0  startup.o(RESET)
    ADC0Seq2_Handler                         0x00000291   Thumb Code     0  startup.o(RESET)
    ADC1Seq0_Handler                         0x00000291   Thumb Code     0  startup.o(RESET)
    ADC1Seq1_Handler                         0x00000291   Thumb Code     0  startup.o(RESET)
    ADC1Seq2_Handler                         0x00000291   Thumb Code     0  startup.o(RESET)
    ADC1Seq3_Handler                         0x00000291   Thumb Code     0  startup.o(RESET)
    CAN0_Handler                             0x00000291   Thumb Code     0  startup.o(RESET)
    CAN1_Handler                             0x00000291   Thumb Code     0  startup.o(RESET)
    CAN2_Handler                             0x00000291   Thumb Code     0  startup.o(RESET)
    Comp0_Handler                            0x00000291   Thumb Code     0  startup.o(RESET)
    Comp1_Handler                            0x00000291   Thumb Code     0  startup.o(RESET)
    Comp2_Handler                            0x00000291   Thumb Code     0  startup.o(RESET)
    Ethernet_Handler                         0x00000291   Thumb Code     0  startup.o(RESET)
    ExtBus_Handler                           0x00000291   Thumb Code     0  startup.o(RESET)
    FPU_Handler                              0x00000291   Thumb Code     0  startup.o(RESET)
    Fan0_Handler                             0x00000291   Thumb Code     0  startup.o(RESET)
    FlashCtl_Handler                         0x00000291   Thumb Code     0  startup.o(RESET)
    GPIOPortA_Handler                        0x00000291   Thumb Code     0  startup.o(RESET)
    GPIOPortB_Handler                        0x00000291   Thumb Code     0  startup.o(RESET)
    GPIOPortC_Handler                        0x00000291   Thumb Code     0  startup.o(RESET)
    GPIOPortD_Handler                        0x00000291   Thumb Code     0  startup.o(RESET)
    GPIOPortE_Handler                        0x00000291   Thumb Code     0  startup.o(RESET)
    GPIOPortF_Handler                        0x00000291   Thumb Code     0  startup.o(RESET)
    GPIOPortG_Handler                        0x00000291   Thumb Code     0  startup.o(RESET)
    GPIOPortH_Handler                        0x00000291   Thumb Code     0  startup.o(RESET)
    GPIOPortJ_Handler                        0x00000291   Thumb Code     0  startup.o(RESET)
    GPIOPortK_Handler                        0x00000291   Thumb Code     0  startup.o(RESET)
    GPIOPortL_Handler                        0x00000291   Thumb Code     0  startup.o(RESET)
    GPIOPortM_Handler                        0x00000291   Thumb Code     0  startup.o(RESET)
    GPIOPortN_Handler                        0x00000291   Thumb Code     0  startup.o(RESET)
    GPIOPortP1_Handler                       0x00000291   Thumb Code     0  startup.o(RESET)
    GPIOPortP2_Handler                       0x00000291   Thumb Code     0  startup.o(RESET)
    GPIOPortP3_Handler                       0x00000291   Thumb Code     0  startup.o(RESET)
    GPIOPortP4_Handler                       0x00000291   Thumb Code     0  startup.o(RESET)
    GPIOPortP5_Handler                       0x00000291   Thumb Code     0  startup.o(RESET)
    GPIOPortP6_Handler                       0x00000291   Thumb Code     0  startup.o(RESET)
    GPIOPortP7_Handler                       0x00000291   Thumb Code     0  startup.o(RESET)
    GPIOPortP_Handler                        0x00000291   Thumb Code     0  startup.o(RESET)
    GPIOPortQ1_Handler                       0x00000291   Thumb Code     0  startup.o(RESET)
    GPIOPortQ2_Handler                       0x00000291   Thumb Code     0  startup.o(RESET)
    GPIOPortQ3_Handler                       0x00000291   Thumb Code     0  startup.o(RESET)
    GPIOPortQ4_Handler                       0x00000291   Thumb Code     0  startup.o(RESET)
    GPIOPortQ5_Handler                       0x00000291   Thumb Code     0  startup.o(RESET)
    GPIOPortQ6_Handler                       0x00000291   Thumb Code     0  startup.o(RESET)
    GPIOPortQ7_Handler                       0x00000291   Thumb Code     0  startup.o(RESET)
    GPIOPortQ_Handler                        0x00000291   Thumb Code     0  startup.o(RESET)
    GPIOPortR_Handler                        0x00000291   Thumb Code     0  startup.o(RESET)
    GPIOPortS_Handler                        0x00000291   Thumb Code     0  startup.o(RESET)
    Hibernate_Handler                        0x00000291   Thumb Code     0  startup.o(RESET)
    I2C0_Handler                             0x00000291   Thumb Code     0  startup.o(RESET)
    I2C1_Handler                             0x00000291   Thumb Code     0  startup.o(RESET)
    I2C2_Handler                             0x00000291   Thumb Code     0  startup.o(RESET)
    I2C3_Handler                             0x00000291   Thumb Code     0  startup.o(RESET)
    I2C4_Handler                             0x00000291   Thumb Code     0  startup.o(RESET)
    I2C5_Handler                             0x00000291   Thumb Code     0  startup.o(RESET)
    I2S0_Handler                             0x00000291   Thumb Code     0  startup.o(RESET)
    LPC0_Handler                             0x00000291   Thumb Code     0  startup.o(RESET)
    PECI0_Handler                            0x00000291   Thumb Code     0  startup.o(RESET)
    PWM0Fault_Handler                        0x00000291   Thumb Code     0  startup.o(RESET)
    PWM0Generator0_Handler                   0x00000291   Thumb Code     0  startup.o(RESET)
    PWM0Generator1_Handler                   0x00000291   Thumb Code     0  startup.o(RESET)
    PWM0Generator2_Handler                   0x00000291   Thumb Code     0  startup.o(RESET)
    PWM0Generator3_Handler                   0x00000291   Thumb Code     0  startup.o(RESET)
    PWM1Fault_Handler                        0x00000291   Thumb Code     0  startup.o(RESET)
    PWM1Generator0_Handler                   0x00000291   Thumb Code     0  startup.o(RESET)
    PWM1Generator1_Handler                   0x00000291   Thumb Code     0  startup.o(RESET)
    PWM1Generator2_Handler                   0x00000291   Thumb Code     0  startup.o(RESET)
    PWM1Generator3_Handler                   0x00000291   Thumb Code     0  startup.o(RESET)
    Quadrature0_Handler                      0x00000291   Thumb Code     0  startup.o(RESET)
    Quadrature1_Handler                      0x00000291   Thumb Code     0  startup.o(RESET)
    Quadrature2_Handler                      0x00000291   Thumb Code     0  startup.o(RESET)
    SSI0_Handler                             0x00000291   Thumb Code     0  startup.o(RESET)
    SSI1_Handler                             0x00000291   Thumb Code     0  startup.o(RESET)
    SSI2_Handler                             0x00000291   Thumb Code     0  startup.o(RESET)
    SSI3_Handler                             0x00000291   Thumb Code     0  startup.o(RESET)
    SysCtl_Handler                           0x00000291   Thumb Code     0  startup.o(RESET)
    Timer0B_Handler                          0x00000291   Thumb Code     0  startup.o(RESET)
    Timer1B_Handler                          0x00000291   Thumb Code     0  startup.o(RESET)
    Timer2A_Handler                          0x00000291   Thumb Code     0  startup.o(RESET)
    Timer2B_Handler                          0x00000291   Thumb Code     0  startup.o(RESET)
    Timer3A_Handler                          0x00000291   Thumb Code     0  startup.o(RESET)
    Timer3B_Handler                          0x00000291   Thumb Code     0  startup.o(RESET)
    Timer4A_Handler                          0x00000291   Thumb Code     0  startup.o(RESET)
    Timer4B_Handler                          0x00000291   Thumb Code     0  startup.o(RESET)
    Timer5A_Handler                          0x00000291   Thumb Code     0  startup.o(RESET)
    Timer5B_Handler                          0x00000291   Thumb Code     0  startup.o(RESET)
    UART0_Handler                            0x00000291   Thumb Code     0  startup.o(RESET)
    UART1_Handler                            0x00000291   Thumb Code     0  startup.o(RESET)
    UART2_Handler                            0x00000291   Thumb Code     0  startup.o(RESET)
    UART3_Handler                            0x00000291   Thumb Code     0  startup.o(RESET)
    UART4_Handler                            0x00000291   Thumb Code     0  startup.o(RESET)
    UART5_Handler                            0x00000291   Thumb Code     0  startup.o(RESET)
    UART6_Handler                            0x00000291   Thumb Code     0  startup.o(RESET)
    UART7_Handler                            0x00000291   Thumb Code     0  startup.o(RESET)
    USB0_Handler                             0x00000291   Thumb Code     0  startup.o(RESET)
    WDT_Handler                              0x00000291   Thumb Code     0  startup.o(RESET)
    WideTimer0A_Handler                      0x00000291   Thumb Code     0  startup.o(RESET)
    WideTimer0B_Handler                      0x00000291   Thumb Code     0  startup.o(RESET)
    WideTimer1A_Handler                      0x00000291   Thumb Code     0  startup.o(RESET)
    WideTimer1B_Handler                      0x00000291   Thumb Code     0  startup.o(RESET)
    WideTimer2A_Handler                      0x00000291   Thumb Code     0  startup.o(RESET)
    WideTimer2B_Handler                      0x00000291   Thumb Code     0  startup.o(RESET)
    WideTimer3A_Handler                      0x00000291   Thumb Code     0  startup.o(RESET)
    WideTimer3B_Handler                      0x00000291   Thumb Code     0  startup.o(RESET)
    WideTimer4A_Handler                      0x00000291   Thumb Code     0  startup.o(RESET)
    WideTimer4B_Handler                      0x00000291   Thumb Code     0  startup.o(RESET)
    WideTimer5A_Handler                      0x00000291   Thumb Code     0  startup.o(RESET)
    WideTimer5B_Handler                      0x00000291   Thumb Code     0  startup.o(RESET)
    _ReportHardFault                         0x00000291   Thumb Code     0  startup.o(RESET)
    __aeabi_assert                           0x00000291   Thumb Code     0  startup.o(RESET)
    uDMA_Error                               0x00000291   Thumb Code     0  startup.o(RESET)
    uDMA_Handler                             0x00000291   Thumb Code     0  startup.o(RESET)
    __main                                   0x00000295   Thumb Code     8  __main.o(!!!main)
    __scatterload                            0x0000029d   Thumb Code     0  __scatter.o(!!!scatter)
    __scatterload_rt2                        0x0000029d   Thumb Code    44  __scatter.o(!!!scatter)
    __scatterload_rt2_thumb_only             0x0000029d   Thumb Code     0  __scatter.o(!!!scatter)
    __scatterload_null                       0x000002ab   Thumb Code     0  __scatter.o(!!!scatter)
    __scatterload_zeroinit                   0x000002d1   Thumb Code    28  __scatter_zi.o(!!handler_zi)
    __rt_lib_init                            0x000002ed   Thumb Code     0  libinit.o(.ARM.Collect$$libinit$$00000000)
    __rt_lib_init_fp_1                       0x000002ef   Thumb Code     0  libinit2.o(.ARM.Collect$$libinit$$00000001)
    __rt_lib_init_alloca_1                   0x000002f3   Thumb Code     0  libinit2.o(.ARM.Collect$$libinit$$00000030)
    __rt_lib_init_argv_1                     0x000002f3   Thumb Code     0  libinit2.o(.ARM.Collect$$libinit$$0000002E)
    __rt_lib_init_atexit_1                   0x000002f3   Thumb Code     0  libinit2.o(.ARM.Collect$$libinit$$0000001D)
    __rt_lib_init_clock_1                    0x000002f3   Thumb Code     0  libinit2.o(.ARM.Collect$$libinit$$00000023)
    __rt_lib_init_cpp_1                      0x000002f3   Thumb Code     0  libinit2.o(.ARM.Collect$$libinit$$00000034)
    __rt_lib_init_exceptions_1               0x000002f3   Thumb Code     0  libinit2.o(.ARM.Collect$$libinit$$00000032)
    __rt_lib_init_fp_trap_1                  0x000002f3   Thumb Code     0  libinit2.o(.ARM.Collect$$libinit$$00000021)
    __rt_lib_init_getenv_1                   0x000002f3   Thumb Code     0  libinit2.o(.ARM.Collect$$libinit$$00000025)
    __rt_lib_init_heap_1                     0x000002f3   Thumb Code     0  libinit2.o(.ARM.Collect$$libinit$$0000000C)
    __rt_lib_init_lc_collate_1               0x000002f3   Thumb Code     0  libinit2.o(.ARM.Collect$$libinit$$00000013)
    __rt_lib_init_lc_ctype_1                 0x000002f3   Thumb Code     0  libinit2.o(.ARM.Collect$$libinit$$00000015)
    __rt_lib_init_lc_monetary_1              0x000002f3   Thumb Code     0  libinit2.o(.ARM.Collect$$libinit$$00000017)
    __rt_lib_init_lc_numeric_1               0x000002f3   Thumb Code     0  libinit2.o(.ARM.Collect$$libinit$$00000019)
    __rt_lib_init_lc_time_1                  0x000002f3   Thumb Code     0  libinit2.o(.ARM.Collect$$libinit$$0000001B)
    __rt_lib_init_preinit_1                  0x000002f3   Thumb Code     0  libinit2.o(.ARM.Collect$$libinit$$00000006)
    __rt_lib_init_rand_1                     0x000002f3   Thumb Code     0  libinit2.o(.ARM.Collect$$libinit$$00000010)
    __rt_lib_init_relocate_pie_1             0x000002f3   Thumb Code     0  libinit2.o(.ARM.Collect$$libinit$$00000004)
    __rt_lib_init_return                     0x000002f3   Thumb Code     0  libinit2.o(.ARM.Collect$$libinit$$00000035)
    __rt_lib_init_signal_1                   0x000002f3   Thumb Code     0  libinit2.o(.ARM.Collect$$libinit$$0000001F)
    __rt_lib_init_stdio_1                    0x000002f3   Thumb Code     0  libinit2.o(.ARM.Collect$$libinit$$00000027)
    __rt_lib_init_user_alloc_1               0x000002f3   Thumb Code     0  libinit2.o(.ARM.Collect$$libinit$$0000000E)
    __rt_lib_shutdown                        0x000002f5   Thumb Code     0  libshutdown.o(.ARM.Collect$$libshutdown$$00000000)
    __rt_lib_shutdown_cpp_1                  0x000002f7   Thumb Code     0  libshutdown2.o(.ARM.Collect$$libshutdown$$00000002)
    __rt_lib_shutdown_fp_trap_1              0x000002f7   Thumb Code     0  libshutdown2.o(.ARM.Collect$$libshutdown$$00000007)
    __rt_lib_shutdown_heap_1                 0x000002f7   Thumb Code     0  libshutdown2.o(.ARM.Collect$$libshutdown$$0000000F)
    __rt_lib_shutdown_return                 0x000002f7   Thumb Code     0  libshutdown2.o(.ARM.Collect$$libshutdown$$00000010)
    __rt_lib_shutdown_signal_1               0x000002f7   Thumb Code     0  libshutdown2.o(.ARM.Collect$$libshutdown$$0000000A)
    __rt_lib_shutdown_stdio_1                0x000002f7   Thumb Code     0  libshutdown2.o(.ARM.Collect$$libshutdown$$00000004)
    __rt_lib_shutdown_user_alloc_1           0x000002f7   Thumb Code     0  libshutdown2.o(.ARM.Collect$$libshutdown$$0000000C)
    __rt_entry                               0x000002f9   Thumb Code     0  __rtentry.o(.ARM.Collect$$rtentry$$00000000)
    __rt_entry_presh_1                       0x000002f9   Thumb Code     0  __rtentry2.o(.ARM.Collect$$rtentry$$00000002)
    __rt_entry_sh                            0x000002f9   Thumb Code     0  __rtentry4.o(.ARM.Collect$$rtentry$$00000004)
    __rt_entry_li                            0x000002ff   Thumb Code     0  __rtentry2.o(.ARM.Collect$$rtentry$$0000000A)
    __rt_entry_postsh_1                      0x000002ff   Thumb Code     0  __rtentry2.o(.ARM.Collect$$rtentry$$00000009)
    __rt_entry_main                          0x00000303   Thumb Code     0  __rtentry2.o(.ARM.Collect$$rtentry$$0000000D)
    __rt_entry_postli_1                      0x00000303   Thumb Code     0  __rtentry2.o(.ARM.Collect$$rtentry$$0000000C)
    __rt_exit                                0x0000030b   Thumb Code     0  rtexit.o(.ARM.Collect$$rtexit$$00000000)
    __rt_exit_ls                             0x0000030d   Thumb Code     0  rtexit2.o(.ARM.Collect$$rtexit$$00000003)
    __rt_exit_prels_1                        0x0000030d   Thumb Code     0  rtexit2.o(.ARM.Collect$$rtexit$$00000002)
    __rt_exit_exit                           0x00000311   Thumb Code     0  rtexit2.o(.ARM.Collect$$rtexit$$00000004)
    DisableInterrupts                        0x00000319   Thumb Code     0  startup.o(.text)
    EnableInterrupts                         0x0000031d   Thumb Code     0  startup.o(.text)
    StartCritical                            0x00000321   Thumb Code     0  startup.o(.text)
    EndCritical                              0x00000329   Thumb Code     0  startup.o(.text)
    WaitForInterrupt                         0x0000032f   Thumb Code     0  startup.o(.text)
    HardFault_Handler                        0x00000333   Thumb Code     0  startup.o(.text)
    __user_initial_stackheap                 0x0000034b   Thumb Code     0  startup.o(.text)
    __use_two_region_memory                  0x00000361   Thumb Code     2  heapauxi.o(.text)
    __rt_heap_escrow$2region                 0x00000363   Thumb Code     2  heapauxi.o(.text)
    __rt_heap_expand$2region                 0x00000365   Thumb Code     2  heapauxi.o(.text)
    __user_setup_stackheap                   0x00000367   Thumb Code    74  sys_stackheap_outer.o(.text)
    exit                                     0x000003b1   Thumb Code    18  exit.o(.text)
    __user_libspace                          0x000003c5   Thumb Code     8  libspace.o(.text)
    __user_perproc_libspace                  0x000003c5   Thumb Code     0  libspace.o(.text)
    __user_perthread_libspace                0x000003c5   Thumb Code     0  libspace.o(.text)
    _sys_exit                                0x000003cd   Thumb Code     8  sys_exit.o(.text)
    __I$use$semihosting                      0x000003d9   Thumb Code     0  use_no_semi.o(.text)
    __use_no_semihosting_swi                 0x000003d9   Thumb Code     2  use_no_semi.o(.text)
    __semihosting_library_function           0x000003db   Thumb Code     0  indicate_semi.o(.text)
    ADC0Seq0_Handler                         0x000003dd   Thumb Code    50  adct0atrigger.o(.text.ADC0Seq0_Handler)
    ADC0Seq3_Handler                         0x00000411   Thumb Code    34  adct0atrigger.o(.text.ADC0Seq3_Handler)
    ADC0_InitTimer0ATriggerSeq0              0x00000435   Thumb Code  1312  adct0atrigger.o(.text.ADC0_InitTimer0ATriggerSeq0)
    CalculateSNR                             0x00000955   Thumb Code   310  main.o(.text.CalculateSNR)
    Heartbeat                                0x00000a8d   Thumb Code    18  timers.o(.text.Heartbeat)
    Heartbeat_Init                           0x00000aa1   Thumb Code    32  timers.o(.text.Heartbeat_Init)
    PLL_Init                                 0x00000ac1   Thumb Code   138  pll.o(.text.PLL_Init)
    PortF_Red_Led_Init                       0x00000b4d   Thumb Code    72  timers.o(.text.PortF_Red_Led_Init)
    Port_C_Init                              0x00000b95   Thumb Code   132  unified_port_init.o(.text.Port_C_Init)
    ProcessADCData                           0x00000c19   Thumb Code   102  adc.o(.text.ProcessADCData)
    Timer0A_Handler                          0x00000c81   Thumb Code    26  timer0a.o(.text.Timer0A_Handler)
    Timer1A_Handler                          0x00000c9d   Thumb Code    28  timer1a.o(.text.Timer1A_Handler)
    Timer1A_Init                             0x00000cb9   Thumb Code   160  timer1a.o(.text.Timer1A_Init)
    UART_Init                                0x00000d59   Thumb Code   160  uart.o(.text.UART_Init)
    UART_OutChar                             0x00000df9   Thumb Code    46  uart.o(.text.UART_OutChar)
    UART_OutString                           0x00000e29   Thumb Code    36  uart.o(.text.UART_OutString)
    UART_OutUDec                             0x00000e4d   Thumb Code    72  uart.o(.text.UART_OutUDec)
    dummyADC                                 0x00000e95   Thumb Code     8  adct0atrigger.o(.text.dummyADC)
    main                                     0x00000e9d   Thumb Code   374  main.o(.text.main)
    sqrt2                                    0x00001015   Thumb Code    58  main.o(.text.sqrt2)
    _fp_init                                 0x0000104f   Thumb Code    26  fpinit.o(x$fpl$fpinit)
    __fplib_config_fpu_vfp                   0x00001067   Thumb Code     0  fpinit.o(x$fpl$fpinit)
    __fplib_config_pureend_doubles           0x00001067   Thumb Code     0  fpinit.o(x$fpl$fpinit)
    Region$$Table$$Base                      0x000010a0   Number         0  anon$$obj.o(Region$$Table)
    Region$$Table$$Limit                     0x000010b0   Number         0  anon$$obj.o(Region$$Table)
    __libspace_start                         0x20000000   Data          96  libspace.o(.bss)
    ADCTask                                  0x20000060   Data           4  adct0atrigger.o(.bss.ADCTask)
    __temporary_stack_top$libspace           0x20000060   Data           0  libspace.o(.bss)
    DataBuf                                  0x20000064   Data        4000  main.o(.bss.DataBuf)
    Noise                                    0x20001004   Data           4  main.o(.bss.Noise)
    Num                                      0x20001008   Data           4  main.o(.bss.Num)
    PD3data                                  0x2000100c   Data           4  adct0atrigger.o(.bss.PD3data)
    PeriodicTask0                            0x20001010   Data           4  timer0a.o(.bss.PeriodicTask0)
    PeriodicTask1                            0x20001014   Data           4  timer1a.o(.bss.PeriodicTask1)
    SNR                                      0x20001018   Data           4  main.o(.bss.SNR)
    Signal                                   0x2000101c   Data           4  main.o(.bss.Signal)
    TimeBuf                                  0x20001020   Data        4000  main.o(.bss.TimeBuf)
    adcValue                                 0x20001fc0   Data           4  adc.o(.bss.adcValue)
    gearShift                                0x20001fc4   Data           4  main.o(.bss.gearShift)



==============================================================================

Memory Map of the image

  Image Entry point : 0x00000295

  Load Region LR_IROM1 (Base: 0x00000000, Size: 0x000010b0, Max: 0x00040000, ABSOLUTE)

    Execution Region ER_IROM1 (Exec base: 0x00000000, Load base: 0x00000000, Size: 0x000010b0, Max: 0x00040000, ABSOLUTE)

    Exec Addr    Load Addr    Size         Type   Attr      Idx    E Section Name        Object

    0x00000000   0x00000000   0x00000294   Code   RO           71    RESET               startup.o
    0x00000294   0x00000294   0x00000008   Code   RO          177  * !!!main             c_w.l(__main.o)
    0x0000029c   0x0000029c   0x00000034   Code   RO          342    !!!scatter          c_w.l(__scatter.o)
    0x000002d0   0x000002d0   0x0000001c   Code   RO          344    !!handler_zi        c_w.l(__scatter_zi.o)
    0x000002ec   0x000002ec   0x00000002   Code   RO          204    .ARM.Collect$$libinit$$00000000  c_w.l(libinit.o)
    0x000002ee   0x000002ee   0x00000004   Code   RO          210    .ARM.Collect$$libinit$$00000001  c_w.l(libinit2.o)
    0x000002f2   0x000002f2   0x00000000   Code   RO          213    .ARM.Collect$$libinit$$00000004  c_w.l(libinit2.o)
    0x000002f2   0x000002f2   0x00000000   Code   RO          215    .ARM.Collect$$libinit$$00000006  c_w.l(libinit2.o)
    0x000002f2   0x000002f2   0x00000000   Code   RO          218    .ARM.Collect$$libinit$$0000000C  c_w.l(libinit2.o)
    0x000002f2   0x000002f2   0x00000000   Code   RO          220    .ARM.Collect$$libinit$$0000000E  c_w.l(libinit2.o)
    0x000002f2   0x000002f2   0x00000000   Code   RO          222    .ARM.Collect$$libinit$$00000010  c_w.l(libinit2.o)
    0x000002f2   0x000002f2   0x00000000   Code   RO          225    .ARM.Collect$$libinit$$00000013  c_w.l(libinit2.o)
    0x000002f2   0x000002f2   0x00000000   Code   RO          227    .ARM.Collect$$libinit$$00000015  c_w.l(libinit2.o)
    0x000002f2   0x000002f2   0x00000000   Code   RO          229    .ARM.Collect$$libinit$$00000017  c_w.l(libinit2.o)
    0x000002f2   0x000002f2   0x00000000   Code   RO          231    .ARM.Collect$$libinit$$00000019  c_w.l(libinit2.o)
    0x000002f2   0x000002f2   0x00000000   Code   RO          233    .ARM.Collect$$libinit$$0000001B  c_w.l(libinit2.o)
    0x000002f2   0x000002f2   0x00000000   Code   RO          235    .ARM.Collect$$libinit$$0000001D  c_w.l(libinit2.o)
    0x000002f2   0x000002f2   0x00000000   Code   RO          237    .ARM.Collect$$libinit$$0000001F  c_w.l(libinit2.o)
    0x000002f2   0x000002f2   0x00000000   Code   RO          239    .ARM.Collect$$libinit$$00000021  c_w.l(libinit2.o)
    0x000002f2   0x000002f2   0x00000000   Code   RO          241    .ARM.Collect$$libinit$$00000023  c_w.l(libinit2.o)
    0x000002f2   0x000002f2   0x00000000   Code   RO          243    .ARM.Collect$$libinit$$00000025  c_w.l(libinit2.o)
    0x000002f2   0x000002f2   0x00000000   Code   RO          245    .ARM.Collect$$libinit$$00000027  c_w.l(libinit2.o)
    0x000002f2   0x000002f2   0x00000000   Code   RO          249    .ARM.Collect$$libinit$$0000002E  c_w.l(libinit2.o)
    0x000002f2   0x000002f2   0x00000000   Code   RO          251    .ARM.Collect$$libinit$$00000030  c_w.l(libinit2.o)
    0x000002f2   0x000002f2   0x00000000   Code   RO          253    .ARM.Collect$$libinit$$00000032  c_w.l(libinit2.o)
    0x000002f2   0x000002f2   0x00000000   Code   RO          255    .ARM.Collect$$libinit$$00000034  c_w.l(libinit2.o)
    0x000002f2   0x000002f2   0x00000002   Code   RO          256    .ARM.Collect$$libinit$$00000035  c_w.l(libinit2.o)
    0x000002f4   0x000002f4   0x00000002   Code   RO          278    .ARM.Collect$$libshutdown$$00000000  c_w.l(libshutdown.o)
    0x000002f6   0x000002f6   0x00000000   Code   RO          293    .ARM.Collect$$libshutdown$$00000002  c_w.l(libshutdown2.o)
    0x000002f6   0x000002f6   0x00000000   Code   RO          295    .ARM.Collect$$libshutdown$$00000004  c_w.l(libshutdown2.o)
    0x000002f6   0x000002f6   0x00000000   Code   RO          298    .ARM.Collect$$libshutdown$$00000007  c_w.l(libshutdown2.o)
    0x000002f6   0x000002f6   0x00000000   Code   RO          301    .ARM.Collect$$libshutdown$$0000000A  c_w.l(libshutdown2.o)
    0x000002f6   0x000002f6   0x00000000   Code   RO          303    .ARM.Collect$$libshutdown$$0000000C  c_w.l(libshutdown2.o)
    0x000002f6   0x000002f6   0x00000000   Code   RO          306    .ARM.Collect$$libshutdown$$0000000F  c_w.l(libshutdown2.o)
    0x000002f6   0x000002f6   0x00000002   Code   RO          307    .ARM.Collect$$libshutdown$$00000010  c_w.l(libshutdown2.o)
    0x000002f8   0x000002f8   0x00000000   Code   RO          179    .ARM.Collect$$rtentry$$00000000  c_w.l(__rtentry.o)
    0x000002f8   0x000002f8   0x00000000   Code   RO          181    .ARM.Collect$$rtentry$$00000002  c_w.l(__rtentry2.o)
    0x000002f8   0x000002f8   0x00000006   Code   RO          193    .ARM.Collect$$rtentry$$00000004  c_w.l(__rtentry4.o)
    0x000002fe   0x000002fe   0x00000000   Code   RO          183    .ARM.Collect$$rtentry$$00000009  c_w.l(__rtentry2.o)
    0x000002fe   0x000002fe   0x00000004   Code   RO          184    .ARM.Collect$$rtentry$$0000000A  c_w.l(__rtentry2.o)
    0x00000302   0x00000302   0x00000000   Code   RO          186    .ARM.Collect$$rtentry$$0000000C  c_w.l(__rtentry2.o)
    0x00000302   0x00000302   0x00000008   Code   RO          187    .ARM.Collect$$rtentry$$0000000D  c_w.l(__rtentry2.o)
    0x0000030a   0x0000030a   0x00000002   Code   RO          208    .ARM.Collect$$rtexit$$00000000  c_w.l(rtexit.o)
    0x0000030c   0x0000030c   0x00000000   Code   RO          258    .ARM.Collect$$rtexit$$00000002  c_w.l(rtexit2.o)
    0x0000030c   0x0000030c   0x00000004   Code   RO          259    .ARM.Collect$$rtexit$$00000003  c_w.l(rtexit2.o)
    0x00000310   0x00000310   0x00000006   Code   RO          260    .ARM.Collect$$rtexit$$00000004  c_w.l(rtexit2.o)
    0x00000316   0x00000316   0x00000002   PAD
    0x00000318   0x00000318   0x00000048   Code   RO           72    .text               startup.o
    0x00000360   0x00000360   0x00000006   Code   RO          175    .text               c_w.l(heapauxi.o)
    0x00000366   0x00000366   0x0000004a   Code   RO          195    .text               c_w.l(sys_stackheap_outer.o)
    0x000003b0   0x000003b0   0x00000012   Code   RO          197    .text               c_w.l(exit.o)
    0x000003c2   0x000003c2   0x00000002   PAD
    0x000003c4   0x000003c4   0x00000008   Code   RO          205    .text               c_w.l(libspace.o)
    0x000003cc   0x000003cc   0x0000000c   Code   RO          268    .text               c_w.l(sys_exit.o)
    0x000003d8   0x000003d8   0x00000002   Code   RO          283    .text               c_w.l(use_no_semi.o)
    0x000003da   0x000003da   0x00000000   Code   RO          285    .text               c_w.l(indicate_semi.o)
    0x000003da   0x000003da   0x00000002   PAD
    0x000003dc   0x000003dc   0x00000032   Code   RO          108    .text.ADC0Seq0_Handler  adct0atrigger.o
    0x0000040e   0x0000040e   0x00000002   PAD
    0x00000410   0x00000410   0x00000022   Code   RO          112    .text.ADC0Seq3_Handler  adct0atrigger.o
    0x00000432   0x00000432   0x00000002   PAD
    0x00000434   0x00000434   0x00000520   Code   RO          106    .text.ADC0_InitTimer0ATriggerSeq0  adct0atrigger.o
    0x00000954   0x00000954   0x00000136   Code   RO            4    .text.CalculateSNR  main.o
    0x00000a8a   0x00000a8a   0x00000002   PAD
    0x00000a8c   0x00000a8c   0x00000012   Code   RO           35    .text.Heartbeat     timers.o
    0x00000a9e   0x00000a9e   0x00000002   PAD
    0x00000aa0   0x00000aa0   0x00000020   Code   RO           39    .text.Heartbeat_Init  timers.o
    0x00000ac0   0x00000ac0   0x0000008a   Code   RO           48    .text.PLL_Init      pll.o
    0x00000b4a   0x00000b4a   0x00000002   PAD
    0x00000b4c   0x00000b4c   0x00000048   Code   RO           37    .text.PortF_Red_Led_Init  timers.o
    0x00000b94   0x00000b94   0x00000084   Code   RO          159    .text.Port_C_Init   unified_port_init.o
    0x00000c18   0x00000c18   0x00000066   Code   RO           81    .text.ProcessADCData  adc.o
    0x00000c7e   0x00000c7e   0x00000002   PAD
    0x00000c80   0x00000c80   0x0000001a   Code   RO           58    .text.Timer0A_Handler  timer0a.o
    0x00000c9a   0x00000c9a   0x00000002   PAD
    0x00000c9c   0x00000c9c   0x0000001c   Code   RO           92    .text.Timer1A_Handler  timer1a.o
    0x00000cb8   0x00000cb8   0x000000a0   Code   RO           90    .text.Timer1A_Init  timer1a.o
    0x00000d58   0x00000d58   0x000000a0   Code   RO          123    .text.UART_Init     uart.o
    0x00000df8   0x00000df8   0x0000002e   Code   RO          127    .text.UART_OutChar  uart.o
    0x00000e26   0x00000e26   0x00000002   PAD
    0x00000e28   0x00000e28   0x00000024   Code   RO          129    .text.UART_OutString  uart.o
    0x00000e4c   0x00000e4c   0x00000048   Code   RO          133    .text.UART_OutUDec  uart.o
    0x00000e94   0x00000e94   0x00000008   Code   RO          104    .text.dummyADC      adct0atrigger.o
    0x00000e9c   0x00000e9c   0x00000176   Code   RO            6    .text.main          main.o
    0x00001012   0x00001012   0x00000002   PAD
    0x00001014   0x00001014   0x0000003a   Code   RO            2    .text.sqrt2         main.o
    0x0000104e   0x0000104e   0x0000001a   Code   RO          266    x$fpl$fpinit        fz_wm.l(fpinit.o)
    0x00001068   0x00001068   0x00000035   Data   RO           13    .rodata.str1.1      main.o
    0x0000109d   0x0000109d   0x00000003   PAD
    0x000010a0   0x000010a0   0x00000010   Data   RO          341    Region$$Table       anon$$obj.o


    Execution Region RW_IRAM1 (Exec base: 0x20000000, Load base: 0x000010b0, Size: 0x000023c8, Max: 0x00008000, ABSOLUTE)

    Exec Addr    Load Addr    Size         Type   Attr      Idx    E Section Name        Object

    0x20000000        -       0x00000060   Zero   RW          206    .bss                c_w.l(libspace.o)
    0x20000060        -       0x00000004   Zero   RW          114    .bss.ADCTask        adct0atrigger.o
    0x20000064        -       0x00000fa0   Zero   RW           12    .bss.DataBuf        main.o
    0x20001004        -       0x00000004   Zero   RW           10    .bss.Noise          main.o
    0x20001008        -       0x00000004   Zero   RW           14    .bss.Num            main.o
    0x2000100c        -       0x00000004   Zero   RW          115    .bss.PD3data        adct0atrigger.o
    0x20001010        -       0x00000004   Zero   RW           62    .bss.PeriodicTask0  timer0a.o
    0x20001014        -       0x00000004   Zero   RW           96    .bss.PeriodicTask1  timer1a.o
    0x20001018        -       0x00000004   Zero   RW           11    .bss.SNR            main.o
    0x2000101c        -       0x00000004   Zero   RW            9    .bss.Signal         main.o
    0x20001020        -       0x00000fa0   Zero   RW           15    .bss.TimeBuf        main.o
    0x20001fc0        -       0x00000004   Zero   RW           83    .bss.adcValue       adc.o
    0x20001fc4        -       0x00000004   Zero   RW            8    .bss.gearShift      main.o
    0x20001fc8        -       0x00000000   Zero   RW           70    HEAP                startup.o
    0x20001fc8        -       0x00000400   Zero   RW           69    STACK               startup.o


==============================================================================

Image component sizes


      Code (inc. data)   RO Data    RW Data    ZI Data      Debug   Object Name

       102          0          0          0          4        678   adc.o
      1404         24          0          0          8       1996   adct0atrigger.o
       742          0         53          0       8020       2115   main.o
       138          0          0          0          0        653   pll.o
       732        634          0          0       1024       1128   startup.o
        26          0          0          0          4        979   timer0a.o
       188          0          0          0          4        978   timer1a.o
       122          0          0          0          0        854   timers.o
       314          0          0          0          0       2670   uart.o
       132          0          0          0          0       1475   unified_port_init.o

    ----------------------------------------------------------------------
      3918        658         72          0       9064      13526   Object Totals
         0          0         16          0          0          0   (incl. Generated)
        18          0          3          0          0          0   (incl. Padding)

    ----------------------------------------------------------------------

      Code (inc. data)   RO Data    RW Data    ZI Data      Debug   Library Member Name

         8          0          0          0          0         68   __main.o
         0          0          0          0          0          0   __rtentry.o
        12          0          0          0          0          0   __rtentry2.o
         6          0          0          0          0          0   __rtentry4.o
        52          8          0          0          0          0   __scatter.o
        28          0          0          0          0          0   __scatter_zi.o
        18          0          0          0          0         80   exit.o
         6          0          0          0          0        152   heapauxi.o
         0          0          0          0          0          0   indicate_semi.o
         2          0          0          0          0          0   libinit.o
         6          0          0          0          0          0   libinit2.o
         2          0          0          0          0          0   libshutdown.o
         2          0          0          0          0          0   libshutdown2.o
         8          4          0          0         96         68   libspace.o
         2          0          0          0          0          0   rtexit.o
        10          0          0          0          0          0   rtexit2.o
        12          4          0          0          0         68   sys_exit.o
        74          0          0          0          0         80   sys_stackheap_outer.o
         2          0          0          0          0         68   use_no_semi.o
        26          0          0          0          0        116   fpinit.o

    ----------------------------------------------------------------------
       282         16          0          0         96        700   Library Totals
         6          0          0          0          0          0   (incl. Padding)

    ----------------------------------------------------------------------

      Code (inc. data)   RO Data    RW Data    ZI Data      Debug   Library Name

       250         16          0          0         96        584   c_w.l
        26          0          0          0          0        116   fz_wm.l

    ----------------------------------------------------------------------
       282         16          0          0         96        700   Library Totals

    ----------------------------------------------------------------------

==============================================================================


      Code (inc. data)   RO Data    RW Data    ZI Data      Debug   

      4200        674         72          0       9160      13842   Grand Totals
      4200        674         72          0       9160      13842   ELF Image Totals
      4200        674         72          0          0          0   ROM Totals

==============================================================================

    Total RO  Size (Code + RO Data)                 4272 (   4.17kB)
    Total RW  Size (RW Data + ZI Data)              9160 (   8.95kB)
    Total ROM Size (Code + RO Data + RW Data)       4272 (   4.17kB)

==============================================================================

